// Jest Snapshot v1, https://goo.gl/fbAQLP

exports[`MorphHelp renders accurately 1`] = `
<div
  className="app"
>
  <header
    className="header"
  >
    <div
      className="titleArea"
    >
      <h1
        className="siteTitle"
      >
        <a
          className="titleLink"
          href="/"
        />
      </h1>
      <p
        className="subtitle"
      />
    </div>
    <nav
      className="nav"
    >
      <ul
        className="menu"
      >
        <li
          className="navLink"
        >
          <a
            href="/gen"
          >
            Gen
          </a>
        </li>
        <li
          className="navLink disabled"
        >
          <a
            href="/morph"
          >
            Morph
          </a>
        </li>
        <li
          className="navLink"
        >
          <a
            href="/deriv"
          >
            Deriv
          </a>
        </li>
        <li
          className="navLink"
        >
          <a
            href="/frequen"
          >
            Frequen
          </a>
        </li>
        <li
          className="navLink disabled"
        >
          <a
            href="/tree"
          >
            Tree
          </a>
        </li>
        <li
          className="navLink disabled"
        >
          <a
            href="/lex"
          >
            Lex
          </a>
        </li>
      </ul>
    </nav>
  </header>
  <main
    className="main"
  >
    <a
      className="btn buttonLink"
      href="/morph"
    >
      Back
    </a>
    <h2
      className="toolTitle"
    >
      undefinedMorph Help
    </h2>
    <p
      id="description"
    >
      undefinedMorph Morph description
    </p>
    <p
      className="notice"
    >
      This tool is still in development.
    </p>
    <h3
      id="using"
    >
      Using 
      Langua
      Morph
    </h3>
    <h3
      id="acknowledgments"
    >
      Acknowledgments
    </h3>
    <p>
      Much thanks should be given to Mark Rosenfelder and
       
      <a
        href="http://www.zompist.com/sca2.html"
        rel="noopener noreferrer"
        target="_blank"
      >
        the Sound Change Applier 2
      </a>
       
      (SCA
      <sup>
        2
      </sup>
      ). 
      Langua
      Morph
       was mainly built as a modernized and updated version of SCA
      <sup>
        2
      </sup>
      .
    </p>
    <div
      className="Toastify"
    />
  </main>
  <footer
    className="footer"
  >
    <p
      className="copyright"
    >
      <a
        href="undefined/blob/master/CHANGELOG.md"
        rel="noopener noreferrer"
        target="_blank"
      >
        Version 
        <i
          className="fas fa-code"
        />
         
      </a>
      . Built by
       
      <a
        rel="noopener noreferrer"
        target="_blank"
      />
      , copyright © 
      2017–2020
       under the
       
      <a
        href="https://choosealicense.com/licenses/agpl-3.0/"
        rel="noopener noreferrer"
        target="_blank"
      >
        AGPL-3.0 
        <i
          className="fas fa-gavel"
        />
         license
      </a>
      .
       
      <a
        rel="noopener noreferrer"
        target="_blank"
      >
        View this project on 
        <i
          className="fab fa-github"
        />
         GitHub.
      </a>
    </p>
  </footer>
</div>
`;
