// Jest Snapshot v1, https://goo.gl/fbAQLP

exports[`SEO renders accurately 1`] = `null`;
