// Jest Snapshot v1, https://goo.gl/fbAQLP

exports[`Main renders accurately 1`] = `
<main
  className="main"
>
  Test
  <div
    className="Toastify"
  />
</main>
`;
