// Jest Snapshot v1, https://goo.gl/fbAQLP

exports[`LexForm renders accurately 1`] = `
<form
  className="form"
  name="lex-form"
/>
`;
