// Jest Snapshot v1, https://goo.gl/fbAQLP

exports[`LexResults renders accurately 1`] = `
<div
  className="results"
/>
`;
