// Jest Snapshot v1, https://goo.gl/fbAQLP

exports[`GenForm renders accurately 1`] = `
<form
  className="form"
  name="gen-form"
>
  <div
    className="subpatterns part"
  >
    <h5
      className="sectionTitle"
    >
      Subpatterns
    </h5>
    <div
      className="subpsRow"
    >
      <select
        aria-label="Variable name for subpattern 0"
        className="select"
        id="v0"
        name="v0"
        onChange={[MockFunction]}
        value="V"
      >
        <option
          value="A"
        >
          A
        </option>
        <option
          value="B"
        >
          B
        </option>
        <option
          value="C"
        >
          C
        </option>
        <option
          value="D"
        >
          D
        </option>
        <option
          value="E"
        >
          E
        </option>
        <option
          value="F"
        >
          F
        </option>
        <option
          value="G"
        >
          G
        </option>
        <option
          value="H"
        >
          H
        </option>
        <option
          value="I"
        >
          I
        </option>
        <option
          value="J"
        >
          J
        </option>
        <option
          value="K"
        >
          K
        </option>
        <option
          value="L"
        >
          L
        </option>
        <option
          value="M"
        >
          M
        </option>
        <option
          value="N"
        >
          N
        </option>
        <option
          value="O"
        >
          O
        </option>
        <option
          value="P"
        >
          P
        </option>
        <option
          value="Q"
        >
          Q
        </option>
        <option
          value="R"
        >
          R
        </option>
        <option
          value="S"
        >
          S
        </option>
        <option
          value="T"
        >
          T
        </option>
        <option
          value="U"
        >
          U
        </option>
        <option
          value="V"
        >
          V
        </option>
        <option
          value="W"
        >
          W
        </option>
        <option
          value="X"
        >
          X
        </option>
        <option
          value="Y"
        >
          Y
        </option>
        <option
          value="Z"
        >
          Z
        </option>
      </select>
      <input
        aria-label="Subpattern 0"
        className="subpatternInput"
        id="p0"
        name="p0"
        onChange={[MockFunction]}
        type="text"
        value="a/e/i/o/u"
      />
      <div
        className="clearButton"
      >
        <button
          className="btn danger small"
          id="c0"
          onClick={[MockFunction]}
          role="button"
          type="button"
        >
          Delete
        </button>
      </div>
    </div>
    <div
      className="subpsRow"
    >
      <select
        aria-label="Variable name for subpattern 1"
        className="select"
        id="v1"
        name="v1"
        onChange={[MockFunction]}
        value="C"
      >
        <option
          value="A"
        >
          A
        </option>
        <option
          value="B"
        >
          B
        </option>
        <option
          value="C"
        >
          C
        </option>
        <option
          value="D"
        >
          D
        </option>
        <option
          value="E"
        >
          E
        </option>
        <option
          value="F"
        >
          F
        </option>
        <option
          value="G"
        >
          G
        </option>
        <option
          value="H"
        >
          H
        </option>
        <option
          value="I"
        >
          I
        </option>
        <option
          value="J"
        >
          J
        </option>
        <option
          value="K"
        >
          K
        </option>
        <option
          value="L"
        >
          L
        </option>
        <option
          value="M"
        >
          M
        </option>
        <option
          value="N"
        >
          N
        </option>
        <option
          value="O"
        >
          O
        </option>
        <option
          value="P"
        >
          P
        </option>
        <option
          value="Q"
        >
          Q
        </option>
        <option
          value="R"
        >
          R
        </option>
        <option
          value="S"
        >
          S
        </option>
        <option
          value="T"
        >
          T
        </option>
        <option
          value="U"
        >
          U
        </option>
        <option
          value="V"
        >
          V
        </option>
        <option
          value="W"
        >
          W
        </option>
        <option
          value="X"
        >
          X
        </option>
        <option
          value="Y"
        >
          Y
        </option>
        <option
          value="Z"
        >
          Z
        </option>
      </select>
      <input
        aria-label="Subpattern 1"
        className="subpatternInput"
        id="p1"
        name="p1"
        onChange={[MockFunction]}
        type="text"
        value="p/t/k/b/d/g/s/m/n/l/r"
      />
      <div
        className="clearButton"
      >
        <button
          className="btn danger small"
          id="c1"
          onClick={[MockFunction]}
          role="button"
          type="button"
        >
          Delete
        </button>
      </div>
    </div>
    <div
      className="subpsRow"
    >
      <select
        aria-label="Variable name for subpattern 2"
        className="select"
        id="v2"
        name="v2"
        onChange={[MockFunction]}
        value="N"
      >
        <option
          value="A"
        >
          A
        </option>
        <option
          value="B"
        >
          B
        </option>
        <option
          value="C"
        >
          C
        </option>
        <option
          value="D"
        >
          D
        </option>
        <option
          value="E"
        >
          E
        </option>
        <option
          value="F"
        >
          F
        </option>
        <option
          value="G"
        >
          G
        </option>
        <option
          value="H"
        >
          H
        </option>
        <option
          value="I"
        >
          I
        </option>
        <option
          value="J"
        >
          J
        </option>
        <option
          value="K"
        >
          K
        </option>
        <option
          value="L"
        >
          L
        </option>
        <option
          value="M"
        >
          M
        </option>
        <option
          value="N"
        >
          N
        </option>
        <option
          value="O"
        >
          O
        </option>
        <option
          value="P"
        >
          P
        </option>
        <option
          value="Q"
        >
          Q
        </option>
        <option
          value="R"
        >
          R
        </option>
        <option
          value="S"
        >
          S
        </option>
        <option
          value="T"
        >
          T
        </option>
        <option
          value="U"
        >
          U
        </option>
        <option
          value="V"
        >
          V
        </option>
        <option
          value="W"
        >
          W
        </option>
        <option
          value="X"
        >
          X
        </option>
        <option
          value="Y"
        >
          Y
        </option>
        <option
          value="Z"
        >
          Z
        </option>
      </select>
      <input
        aria-label="Subpattern 2"
        className="subpatternInput"
        id="p2"
        name="p2"
        onChange={[MockFunction]}
        type="text"
        value="m/n"
      />
      <div
        className="clearButton"
      >
        <button
          className="btn danger small"
          id="c2"
          onClick={[MockFunction]}
          role="button"
          type="button"
        >
          Delete
        </button>
      </div>
    </div>
    <div
      className="addingRow"
    >
      <button
        className="btn success small"
        id="add"
        onClick={[MockFunction]}
        role="button"
        type="button"
      >
        Add
      </button>
    </div>
  </div>
  <div
    className="pattern part"
  >
    <h5
      className="sectionTitle"
    >
      Pattern
    </h5>
    <input
      aria-label="Pattern"
      className="patternInput"
      id="pattern"
      name="pattern"
      onChange={[MockFunction]}
      type="text"
      value="V/CV/CVN/CVCV/CVCVN"
    />
  </div>
  <div
    className="control part"
  >
    <div
      className="controlSide controlLeft"
    >
      <div
        className="controlPiece"
      >
        <button
          className="btn neutral"
          id="generate"
          onClick={[MockFunction]}
          role="button"
          type="submit"
        >
          Generate
        </button>
      </div>
      <div
        className="controlPiece"
      >
        <label
          htmlFor="words"
        >
          words:
        </label>
        <input
          aria-label="Number of words to generate"
          className="wordsInput"
          id="words"
          max="9999"
          min="1"
          name="words"
          onChange={[MockFunction]}
          type="number"
          value={100}
        />
      </div>
      <div
        className="controlPiece"
      >
        <label>
          <input
            checked={false}
            id="newline"
            name="options"
            onChange={[MockFunction]}
            type="checkbox"
            value="newline"
          />
           
          new line each
        </label>
      </div>
      <div
        className="controlPiece"
      >
        <label>
          <input
            checked={false}
            id="filterdupes"
            name="options"
            onChange={[MockFunction]}
            type="checkbox"
            value="filterdupes"
          />
           
          filter duplicates
        </label>
      </div>
    </div>
    <div
      className="controlSide controlRight"
    >
      <div
        className="controlPiece"
      >
        <button
          className="btn success"
          id="save"
          onClick={[MockFunction]}
          role="button"
          type="button"
        >
          Save
        </button>
      </div>
      <div
        className="controlPiece"
      >
        <button
          className="btn"
          id="open"
          onClick={[Function]}
          role="button"
          type="button"
        >
          Open
        </button>
        <input
          className="hidden"
          id="file"
          name="file"
          onChange={[MockFunction]}
          type="file"
        />
      </div>
    </div>
  </div>
</form>
`;
